src/app/(dashboard)/call-logs/page.tsx(3,10): error TS2614: Module '"next"' has no exported member 'useState'. Did you mean to use 'import useState from "next"' instead?
src/app/(dashboard)/call-logs/page.tsx(3,20): error TS2614: Module '"next"' has no exported member 'useEffect'. Did you mean to use 'import useEffect from "next"' instead?
src/app/(dashboard)/call-logs/page.tsx(4,58): error TS2307: Cannot find module '@/components/ui/card' or its corresponding type declarations.
src/app/(dashboard)/call-logs/page.tsx(5,79): error TS2307: Cannot find module '@/components/ui/table' or its corresponding type declarations.
src/app/(dashboard)/call-logs/page.tsx(6,23): error TS2307: Cannot find module '@/components/ui/input' or its corresponding type declarations.
src/app/(dashboard)/call-logs/page.tsx(7,23): error TS2307: Cannot find module '@/components/ui/badge' or its corresponding type declarations.
src/app/(dashboard)/call-logs/page.tsx(39,36): error TS7006: Parameter 'log' implicitly has an 'any' type.
src/app/(dashboard)/call-logs/page.tsx(75,26): error TS7006: Parameter 'e' implicitly has an 'any' type.
src/app/(dashboard)/call-logs/page.tsx(120,33): error TS7006: Parameter 'log' implicitly has an 'any' type.
src/app/(dashboard)/drivers/page.tsx(3,10): error TS2614: Module '"next"' has no exported member 'useState'. Did you mean to use 'import useState from "next"' instead?
src/app/(dashboard)/drivers/page.tsx(3,20): error TS2614: Module '"next"' has no exported member 'useEffect'. Did you mean to use 'import useEffect from "next"' instead?
src/app/(dashboard)/drivers/page.tsx(4,22): error TS2307: Cannot find module '@/components/ui/card' or its corresponding type declarations.
src/app/(dashboard)/drivers/page.tsx(5,79): error TS2307: Cannot find module '@/components/ui/table' or its corresponding type declarations.
src/app/(dashboard)/drivers/page.tsx(6,23): error TS2307: Cannot find module '@/components/ui/badge' or its corresponding type declarations.
src/app/(dashboard)/drivers/page.tsx(54,29): error TS7006: Parameter 'driver' implicitly has an 'any' type.
src/app/(dashboard)/expenses/page.tsx(3,10): error TS2614: Module '"next"' has no exported member 'useState'. Did you mean to use 'import useState from "next"' instead?
src/app/(dashboard)/expenses/page.tsx(3,20): error TS2614: Module '"next"' has no exported member 'useEffect'. Did you mean to use 'import useEffect from "next"' instead?
src/app/(dashboard)/expenses/page.tsx(4,22): error TS2307: Cannot find module '@/components/ui/card' or its corresponding type declarations.
src/app/(dashboard)/expenses/page.tsx(5,79): error TS2307: Cannot find module '@/components/ui/table' or its corresponding type declarations.
src/app/(dashboard)/expenses/page.tsx(6,23): error TS2307: Cannot find module '@/components/ui/badge' or its corresponding type declarations.
src/app/(dashboard)/expenses/page.tsx(7,24): error TS2307: Cannot find module '@/components/ui/button' or its corresponding type declarations.
src/app/(dashboard)/expenses/page.tsx(43,34): error TS7006: Parameter 'e' implicitly has an 'any' type.
src/app/(dashboard)/expenses/page.tsx(83,30): error TS7006: Parameter 'expense' implicitly has an 'any' type.
src/app/(dashboard)/page.tsx(8,58): error TS2307: Cannot find module '@/components/ui/card' or its corresponding type declarations.
src/app/(dashboard)/users/page.tsx(3,10): error TS2614: Module '"next"' has no exported member 'useState'. Did you mean to use 'import useState from "next"' instead?
src/app/(dashboard)/users/page.tsx(3,20): error TS2614: Module '"next"' has no exported member 'useEffect'. Did you mean to use 'import useEffect from "next"' instead?
src/app/(dashboard)/users/page.tsx(4,35): error TS2307: Cannot find module '@/components/ui/card' or its corresponding type declarations.
src/app/(dashboard)/users/page.tsx(5,79): error TS2307: Cannot find module '@/components/ui/table' or its corresponding type declarations.
src/app/(dashboard)/users/page.tsx(6,24): error TS2307: Cannot find module '@/components/ui/button' or its corresponding type declarations.
src/app/(dashboard)/users/page.tsx(7,23): error TS2307: Cannot find module '@/components/ui/input' or its corresponding type declarations.
src/app/(dashboard)/users/page.tsx(8,23): error TS2307: Cannot find module '@/components/ui/badge' or its corresponding type declarations.
src/app/(dashboard)/users/page.tsx(9,79): error TS2307: Cannot find module '@/components/ui/select' or its corresponding type declarations.
src/app/(dashboard)/users/page.tsx(70,65): error TS7006: Parameter 'e' implicitly has an 'any' type.
src/app/(dashboard)/users/page.tsx(74,79): error TS7006: Parameter 'e' implicitly has an 'any' type.
src/app/(dashboard)/users/page.tsx(78,85): error TS7006: Parameter 'e' implicitly has an 'any' type.
src/app/(dashboard)/users/page.tsx(82,62): error TS7006: Parameter 'v' implicitly has an 'any' type.
src/app/(dashboard)/users/page.tsx(118,29): error TS7006: Parameter 'user' implicitly has an 'any' type.
src/app/login/page.tsx(3,10): error TS2614: Module '"next"' has no exported member 'useState'. Did you mean to use 'import useState from "next"' instead?
src/app/login/page.tsx(6,75): error TS2307: Cannot find module '@/components/ui/card' or its corresponding type declarations.
src/app/login/page.tsx(7,24): error TS2307: Cannot find module '@/components/ui/button' or its corresponding type declarations.
src/app/login/page.tsx(8,23): error TS2307: Cannot find module '@/components/ui/input' or its corresponding type declarations.
src/app/login/page.tsx(9,23): error TS2307: Cannot find module '@/components/ui/label' or its corresponding type declarations.
src/app/login/page.tsx(78,32): error TS7006: Parameter 'e' implicitly has an 'any' type.
src/app/login/page.tsx(98,32): error TS7006: Parameter 'e' implicitly has an 'any' type.
src/components/layout/Navbar.tsx(5,24): error TS2307: Cannot find module '@/components/ui/button' or its corresponding type declarations.
